// Jest Snapshot v1, https://goo.gl/fbAQLP

exports[`metaverse-conditional hygen-templates-unix: shell new --name foo 1`] = `
{
  "actions": [
    {
      "status": "executed",
      "subject": "/__tests__/metaverse/hygen-templates-unix/given/shell/hello.piped",
      "timing": -1,
      "type": "shell",
    },
    {
      "status": "executed",
      "subject": "/__tests__/metaverse/hygen-templates-unix/given/shell/foo.hello",
      "timing": -1,
      "type": "shell",
    },
    {
      "status": "added",
      "subject": "given/shell/hmm.txt",
      "timing": -1,
      "type": "add",
    },
    {
      "status": "executed",
      "subject": "/__tests__/metaverse/hygen-templates-unix/given/shell/side-effect.hello",
      "timing": -1,
      "type": "shell",
    },
  ],
  "success": true,
  "time": 0,
}
`;
